\BOOKMARK [1][-]{section.1}{\376\377\000I\000n\000t\000r\000o\000d\000u\000c\000t\000i\000o\000n}{}% 1
\BOOKMARK [1][-]{section.2}{\376\377\000B\000a\000c\000k\000g\000r\000o\000u\000n\000d\000\040\000\046\000\040\000S\000t\000a\000t\000e\000\040\000o\000f\000\040\000t\000h\000e\000\040\000A\000r\000t}{}% 2
\BOOKMARK [2][-]{subsection.2.1}{\376\377\000H\000o\000s\000t\000\040\000P\000r\000e\000d\000i\000c\000t\000i\000o\000n\000\040\000P\000r\000o\000b\000l\000e\000m}{section.2}% 3
\BOOKMARK [2][-]{subsection.2.2}{\376\377\000S\000t\000a\000t\000e\000\040\000o\000f\000\040\000t\000h\000e\000\040\000A\000r\000t}{section.2}% 4
\BOOKMARK [2][-]{subsection.2.3}{\376\377\000C\000o\000n\000f\000o\000r\000m\000a\000l\000\040\000P\000r\000e\000d\000i\000c\000t\000i\000o\000n}{section.2}% 5
\BOOKMARK [2][-]{subsection.2.4}{\376\377\000T\000h\000e\000\040\000C\000S\000A\000\040\000M\000e\000t\000h\000o\000d}{section.2}% 6
\BOOKMARK [2][-]{subsection.2.5}{\376\377\000R\000e\000l\000a\000t\000e\000d\000\040\000W\000o\000r\000k\000?\000?\000?\000?\000?\000?\000?}{section.2}% 7
\BOOKMARK [1][-]{section.3}{\376\377\000M\000e\000t\000h\000o\000d\000s}{}% 8
\BOOKMARK [2][-]{subsection.3.1}{\376\377\000P\000r\000o\000b\000l\000e\000m\000\040\000F\000o\000r\000m\000a\000l\000i\000z\000a\000t\000i\000o\000n}{section.3}% 9
\BOOKMARK [2][-]{subsection.3.2}{\376\377\000E\000n\000v\000e\000l\000o\000p\000e\000\040\000C\000o\000n\000t\000r\000u\000c\000t\000i\000o\000n}{section.3}% 10
\BOOKMARK [3][-]{subsubsection.3.2.1}{\376\377\000C\000S\000A\000\040\000C\000a\000l\000i\000b\000r\000a\000t\000i\000o\000n}{subsection.3.2}% 11
\BOOKMARK [3][-]{subsubsection.3.2.2}{\376\377\000T\000a\000u\000\040\000C\000o\000m\000p\000u\000t\000a\000t\000i\000o\000n}{subsection.3.2}% 12
\BOOKMARK [2][-]{subsection.3.3}{\376\377\000T\000h\000r\000e\000e\000\040\000e\000n\000v\000e\000l\000o\000p\000e\000\040\000c\000o\000n\000s\000t\000r\000u\000c\000t\000i\000o\000n\000\040\000m\000e\000t\000h\000o\000d\000s}{section.3}% 13
\BOOKMARK [3][-]{subsubsection.3.3.1}{\376\377\000R\000a\000d\000i\000a\000l\000\040\000M\000e\000t\000h\000o\000d}{subsection.3.3}% 14
\BOOKMARK [3][-]{subsubsection.3.3.2}{\376\377\000S\000t\000r\000i\000p\000\040\000M\000e\000t\000h\000o\000d}{subsection.3.3}% 15
\BOOKMARK [3][-]{subsubsection.3.3.3}{\376\377\0001\000D}{subsection.3.3}% 16
\BOOKMARK [2][-]{subsection.3.4}{\376\377\000\040\000C\000a\000l\000c\000u\000l\000a\000t\000i\000o\000n}{section.3}% 17
\BOOKMARK [1][-]{section.4}{\376\377\000D\000a\000t\000a\000\040\000.\000.\000.\000.}{}% 18
\BOOKMARK [2][-]{subsection.4.1}{\376\377\000D\000a\000t\000a\000\040\000D\000e\000s\000c\000r\000i\000p\000t\000i\000o\000n}{section.4}% 19
\BOOKMARK [2][-]{subsection.4.2}{\376\377\000P\000r\000o\000t\000e\000i\000n\000\040\000t\000o\000\040\000P\000h\000a\000g\000e\000\040\000A\000g\000g\000r\000e\000g\000a\000t\000i\000o\000n}{section.4}% 20
\BOOKMARK [2][-]{subsection.4.3}{\376\377\000T\000r\000a\000i\000n\000-\000T\000e\000s\000t\000\040\000S\000p\000l\000i\000t}{section.4}% 21
\BOOKMARK [1][-]{section.5}{\376\377\000E\000x\000p\000e\000r\000i\000m\000e\000n\000t\000s\000\040\000a\000n\000d\000\040\000R\000e\000s\000u\000l\000t\000s}{}% 22
\BOOKMARK [2][-]{subsection.5.1}{\376\377\0002\000D\000\040\000S\000y\000n\000t\000h\000e\000t\000i\000c\000\040\000D\000a\000t\000a}{section.5}% 23
\BOOKMARK [2][-]{subsection.5.2}{\376\377\000G\000r\000a\000m\000\040\000T\000y\000p\000e\000\040\000C\000l\000a\000s\000s\000i\000f\000i\000c\000a\000t\000i\000o\000n}{section.5}% 24
\BOOKMARK [1][-]{section.6}{\376\377\000C\000o\000n\000c\000l\000u\000s\000i\000o\000n\000\040\000a\000n\000d\000\040\000F\000u\000t\000u\000r\000e\000\040\000W\000o\000r\000k}{}% 25
\BOOKMARK [2][-]{subsection.6.1}{\376\377\000S\000u\000m\000m\000a\000r\000y\000.\000.\000.\000.\000.}{section.6}% 26
\BOOKMARK [2][-]{subsection.6.2}{\376\377\000L\000i\000m\000i\000t\000a\000t\000i\000o\000n\000s}{section.6}% 27
